# Progreso de Migración HappyHub

[2025-02-18 20:00] ✅ Fase 0: Preparación completada (Airtable vacío, no requiere backup)
[2025-02-18 20:45] ✅ Fase 1: Aurora PostgreSQL desplegado (cluster + instance)
[2025-02-18 21:00] ⏭️ Fase 2: n8n Workflows postponed (n8n no accesible sin SSH key)
[2025-02-18 21:30] ⏭️ Fase 3: Next.js Local skipped (Aurora en red privada)
[2025-02-18 23:30] ✅ Fase 4: AWS Amplify deployed (app funcionando)
[2025-02-19 09:00] ✅ Fase 5: Schema PostgreSQL aplicado via CloudShell

PROGRESO TOTAL: 100% ✅
ESTADO: MIGRACIÓN A NEON COMPLETADA
PRÓXIMO PASO: Integración con frontend y n8n workflows

[2026-02-22 18:55] ✅ Migración a Neon completada
  - Configurado driver @neondatabase/serverless con WebSocket
  - Actualizado .env.local con credenciales de Neon
  - Base de datos inicializada con schema completo
  - Endpoints de autenticación probados y funcionando
  - Usuario de prueba creado exitosamente

Neon Endpoint: ep-morning-sky-abwuz6yr.eu-west-2.aws.neon.tech
Database: neondb
App URL (local): http://localhost:3000
App URL (prod): https://main.du3to83rdme3o.amplifyapp.com
